[amtar.store/index.html]
[backblue.gif]
[fade.gif]
[index.html]
[amtar.store/wp-content/plugins/elementor/assets/css/frontend-lite.minf3b2.css]
[amtar.store/wp-content/plugins/elementor/assets/lib/swiper/v8/css/swiper.min94a4.css]
[amtar.store/wp-content/uploads/elementor/css/post-89a49.css]
[amtar.store/wp-content/plugins/elementor-pro/assets/css/frontend-lite.mine56c.css]
[amtar.store/wp-content/uploads/elementor/css/global136a.css]
[amtar.store/comments/feed/index.html]
[amtar.store/feed/index.html]
[amtar.store/wp-content/uploads/elementor/css/post-105a86.css]
[amtar.store/wp-json/index.html]
[amtar.store/wp-json/wp/v2/pages/10.json]
[amtar.store/xmlrpc0db0.php]
[amtar.store/wp-json/oembed/1.0/embedb394.json]
[amtar.store/wp-json/oembed/1.0/embed4eba]
[connect.facebook.net/en_US/fbevents2f15.js]
[amtar.store/wp-content/themes/twentytwentyfour/assets/fonts/inter/Inter-VariableFont_slnt,wght.woff2]
[amtar.store/wp-content/themes/twentytwentyfour/assets/fonts/cardo/cardo_normal_400.woff2]
[amtar.store/wp-content/themes/twentytwentyfour/assets/fonts/cardo/cardo_italic_400.woff2]
[amtar.store/wp-content/themes/twentytwentyfour/assets/fonts/cardo/cardo_normal_700.woff2]
[amtar.store/wp-content/uploads/elementor/thumbs/layers-qgr8bgjfeee0nmpbbsrhd9k0p514uxx2hn6d2xko4e.png]
[amtar.store/wp-content/uploads/2023/12/1656733637logo-canva-png-1024x1024.webp]
[amtar.store/wp-content/uploads/2023/12/1656733637logo-canva-png.webp]
[amtar.store/wp-content/uploads/2023/12/painting-egg.png]
[amtar.store/wp-content/uploads/2023/12/art-and-design.png]
[amtar.store/wp-content/uploads/2023/12/palettes.png]
[amtar.store/wp-content/plugins/elementor-pro/assets/js/webpack-pro.runtime.mine56c.js]
[amtar.store/wp-content/plugins/elementor/assets/js/webpack.runtime.minf3b2.js]
[amtar.store/privacy-policy/index.html]
[amtar.store/wp-includes/js/jquery/jquery-migrate.min5589.js]
[amtar.store/wp-includes/js/jquery/jquery.minf43b.js]
[amtar.store/wp-content/plugins/elementor/assets/js/frontend-modules.minf3b2.js]
[amtar.store/wp-includes/js/dist/vendor/wp-polyfill-inert.min0226.js]
[amtar.store/wp-includes/js/dist/vendor/regenerator-runtime.min6c85.js]
[amtar.store/wp-includes/js/dist/hooks.min2ebd.js]
[amtar.store/wp-includes/js/dist/vendor/wp-polyfill.min2c7c.js]
[amtar.store/wp-includes/js/dist/i18n.minf92f.js]
[amtar.store/wp-content/plugins/elementor-pro/assets/js/frontend.mine56c.js]
[amtar.store/wp-content/plugins/elementor/assets/lib/waypoints/waypoints.min05da.js]
[amtar.store/wp-includes/js/jquery/ui/core.min3f14.js]
[amtar.store/wp-content/plugins/elementor/assets/js/frontend.minf3b2.js]
[amtar.store/wp-content/plugins/elementor-pro/assets/js/elements-handlers.mine56c.js]
[amtar.store/index.html]
[amtar.store/wp-content/plugins/elementor/assets/css/frontend-lite.minf3b2.css]
[amtar.store/wp-content/plugins/elementor/assets/lib/swiper/v8/css/swiper.min94a4.css]
[amtar.store/wp-content/uploads/elementor/css/post-89a49.css]
[amtar.store/wp-content/plugins/elementor-pro/assets/css/frontend-lite.mine56c.css]
[amtar.store/wp-content/uploads/elementor/css/global136a.css]
[amtar.store/wp-content/uploads/elementor/css/post-105a86.css]
[amtar.store/a]
[amtar.store/POST]
[amtar.store/b.resolvedLink]
[amtar.store/signals/iwl.js]
[connect.facebook.net/en_US/fbevents2f15.js]
[amtar.store/schema.org/index.html]
[amtar.store/wp-includes/blocks/navigation/style.min1e39.css]
[amtar.store/wp-includes/js/dist/interactivity.min1e39.js]
[amtar.store/wp-includes/blocks/navigation/view.minff1e.js]
[amtar.store/wp-json/wp/v2/pages/66.json]
[amtar.store/wp-json/oembed/1.0/embedc64d.json]
[amtar.store/wp-json/oembed/1.0/embed7b2d]
[amtar.store/privacy-policy/index.html]
[amtar.store/a.html]
[amtar.store/POST.html]
[amtar.store/schema.org/index.html]
[amtar.store/b.html]
[amtar.store/signals/iwl.html]
[amtar.store/wp-includes/blocks/navigation/style.min1e39.css]
[amtar.store/index4f61.html]
